[agarios.org/index.html]
[backblue.gif]
[fade.gif]
[index.html]
[agarios.org/1200x630.png]
[agarios.org/favicon-32x32.png]
[maxcdn.bootstrapcdn.com/font-awesome/4.7.0/css/font-awesome.min.css]
[agarios.org/css/bootstrap.min.css]
[agarios.org/css/glyphicons-social.css]
[agarios.org/css/styles12f9.css]
[agarios.org/js/cookie12f9.js]
[agarios.org/js/jquery.js]
[agarios.org/js/language12f9.js]
[agarios.org/js/bootstrap.min12f9.js]
[cdnjs.cloudflare.com/ajax/libs/jquery.lazy/1.7.6/jquery.lazy.min.js]
[cdnjs.cloudflare.com/ajax/libs/jquery.lazy/1.7.6/jquery.lazy.plugins.min.js]
[agarios.org/js/xss12f9.js]
[www.googletagservices.com/tag/js/gpt.js]
[pagead2.googlesyndication.com/pagead/js/f.txt]
[consent.cookiebot.com/uc.js]
[connect.facebook.net/en_US/sdk.js]
[agarios.org/skin/150x150/0.png]
[agarios.org/img/switch.png]
[agarios.org/img/defaulttheme.png]
[agarios.org/img/darktheme.png]
[agarios.org/skin/150x150/173.png]
[agarios.org/skin/150x150/174.png]
[agarios.org/skin/150x150/175.png]
[agarios.org/skin/150x150/169.png]
[agarios.org/skin/150x150/170.png]
[agarios.org/skin/150x150/171.png]
[agarios.org/skin/150x150/172.png]
[agarios.org/skin/150x150/166.png]
[agarios.org/skin/150x150/167.png]
[agarios.org/skin/150x150/168.png]
[agarios.org/skin/150x150/163.png]
[agarios.org/skin/150x150/164.png]
[agarios.org/skin/150x150/165.png]
[agarios.org/skin/150x150/162.png]
[agarios.org/skin/150x150/159.png]
[agarios.org/skin/150x150/160.png]
[agarios.org/skin/150x150/161.png]
[agarios.org/img/chrome-lag-issues.jpg]
[agarios.org/terms.txt]
[agarios.org/privacy.txt]
[agarios.org/gallery/index.html]
[agarios.org/fancytextnick.html]
[agarios.org/js/script-index12f9.js]
[www.google-analytics.com/analytics.js]
[agarios.org/index.html]
[maxcdn.bootstrapcdn.com/font-awesome/4.7.0/css/font-awesome.min.css]
[agarios.org/fonts/glyphicons-halflings-regulard41dd41dd41d.eot]
[agarios.org/fonts/glyphicons-halflings-regular.woff]
[agarios.org/fonts/glyphicons-halflings-regular.eot]
[agarios.org/index-2.html]
[agarios.org/fonts/glyphicons-halflings-regular.svg]
[agarios.org/css/bootstrap.min.css]
[agarios.org/js/core12f9.js]
[agarios.org/fonts/glyphicons-social-regulard41dd41dd41d.eot]
[agarios.org/fonts/glyphicons-social-regular.woff]
[agarios.org/css/glyphicons-social.css]
[agarios.org/fonts/glyphicons-social-regular.svg]
[agarios.org/fonts/glyphicons-social-regular.eot]
[agarios.org/fonts/MUNSTERBASH.ttf]
[agarios.org/img/loader.gif]
[agarios.org/css/styles12f9.css]
[connect.facebook.net/en_US/sdk.js]
[agarios.org/gallery/175.39.delayed]
[agarios.org/gallery/skin/150x150/175.png]
[agarios.org/gallery/174.png]
[agarios.org/gallery/skin/150x150/174.png]
[agarios.org/gallery/173.png]
[agarios.org/gallery/skin/150x150/173.png]
[agarios.org/gallery/172.png]
[agarios.org/gallery/skin/150x150/172.png]
[agarios.org/gallery/171.png]
[agarios.org/gallery/skin/150x150/171.png]
[agarios.org/gallery/170.png]
[agarios.org/gallery/skin/150x150/170.png]
[agarios.org/gallery/169.png]
[agarios.org/gallery/skin/150x150/169.png]
[agarios.org/gallery/168.png]
[agarios.org/gallery/skin/150x150/168.png]
[agarios.org/gallery/167.png]
[agarios.org/gallery/skin/150x150/167.png]
[agarios.org/gallery/166.png]
[agarios.org/gallery/skin/150x150/166.png]
[agarios.org/gallery/165.png]
[agarios.org/gallery/skin/150x150/165.png]
[agarios.org/gallery/164.png]
[agarios.org/gallery/skin/150x150/164.png]
[agarios.org/gallery/163.png]
[agarios.org/gallery/skin/150x150/163.png]
[agarios.org/gallery/162.png]
[agarios.org/gallery/skin/150x150/162.png]
[agarios.org/gallery/161.png]
[agarios.org/gallery/skin/150x150/161.png]
[agarios.org/gallery/160.png]
[agarios.org/gallery/skin/150x150/160.png]
[agarios.org/gallery/159.png]
[agarios.org/gallery/skin/150x150/159.png]
[agarios.org/gallery/158.png]
[agarios.org/gallery/skin/150x150/158.png]
[agarios.org/gallery/157.png]
[agarios.org/gallery/skin/150x150/157.png]
[agarios.org/gallery/156.png]
[agarios.org/gallery/skin/150x150/156.png]
[agarios.org/gallery/155.png]
[agarios.org/gallery/skin/150x150/155.png]
[agarios.org/gallery/154.png]
[agarios.org/gallery/skin/150x150/154.png]
[agarios.org/gallery/153.png]
[agarios.org/gallery/skin/150x150/153.png]
[agarios.org/gallery/152.png]
[agarios.org/gallery/skin/150x150/152.png]
[agarios.org/gallery/151.png]
[agarios.org/gallery/skin/150x150/151.png]
[agarios.org/gallery/150.png]
[agarios.org/gallery/skin/150x150/150.png]
[agarios.org/gallery/149.png]
[agarios.org/gallery/skin/150x150/149.png]
[agarios.org/gallery/148.png]
[agarios.org/gallery/skin/150x150/148.png]
[agarios.org/gallery/147.png]
[agarios.org/gallery/skin/150x150/147.png]
[agarios.org/gallery/146.png]
[agarios.org/gallery/skin/150x150/146.png]
[agarios.org/gallery/145.png]
[agarios.org/gallery/skin/150x150/145.png]
[agarios.org/gallery/144.png]
[agarios.org/gallery/skin/150x150/144.png]
[agarios.org/gallery/143.png]
[agarios.org/gallery/skin/150x150/143.png]
[agarios.org/gallery/142.png]
[agarios.org/gallery/skin/150x150/142.png]
[agarios.org/gallery/141.png]
[agarios.org/gallery/skin/150x150/141.png]
[agarios.org/gallery/140.png]
[agarios.org/gallery/skin/150x150/140.png]
[agarios.org/gallery/139.png]
[agarios.org/gallery/skin/150x150/139.png]
[agarios.org/gallery/138.png]
[agarios.org/gallery/skin/150x150/138.png]
[agarios.org/gallery/137.png]
[agarios.org/gallery/skin/150x150/137.png]
[agarios.org/gallery/136.png]
[agarios.org/gallery/skin/150x150/136.png]
[agarios.org/gallery/135.png]
[agarios.org/gallery/skin/150x150/135.png]
[agarios.org/gallery/134.png]
[agarios.org/gallery/skin/150x150/134.png]
[agarios.org/gallery/133.png]
[agarios.org/gallery/skin/150x150/133.png]
[agarios.org/gallery/132.png]
[agarios.org/gallery/skin/150x150/132.png]
[agarios.org/gallery/131.png]
[agarios.org/gallery/skin/150x150/131.png]
[agarios.org/gallery/130.png]
[agarios.org/gallery/skin/150x150/130.png]
[agarios.org/gallery/129.png]
[agarios.org/gallery/skin/150x150/129.png]
[agarios.org/gallery/128.png]
[agarios.org/gallery/skin/150x150/128.png]
[agarios.org/gallery/127.png]
[agarios.org/gallery/skin/150x150/127.png]
[agarios.org/gallery/126.png]
[agarios.org/gallery/skin/150x150/126.png]
[agarios.org/gallery/125.png]
[agarios.org/gallery/skin/150x150/125.png]
[agarios.org/gallery/124.png]
[agarios.org/gallery/skin/150x150/124.png]
[agarios.org/gallery/123.png]
[agarios.org/gallery/skin/150x150/123.png]
[agarios.org/gallery/122.png]
[agarios.org/gallery/skin/150x150/122.png]
[agarios.org/gallery/121.png]
[agarios.org/gallery/skin/150x150/121.png]
[agarios.org/gallery/120.png]
[agarios.org/gallery/skin/150x150/120.png]
[agarios.org/gallery/119.png]
[agarios.org/gallery/skin/150x150/119.png]
[agarios.org/gallery/118.png]
[agarios.org/gallery/skin/150x150/118.png]
[agarios.org/gallery/117.png]
[agarios.org/gallery/skin/150x150/117.png]
[agarios.org/gallery/116.png]
[agarios.org/gallery/skin/150x150/116.png]
[agarios.org/gallery/115.png]
[agarios.org/gallery/skin/150x150/115.png]
[agarios.org/gallery/114.png]
[agarios.org/gallery/skin/150x150/114.png]
[agarios.org/gallery/113.png]
[agarios.org/gallery/skin/150x150/113.png]
[agarios.org/gallery/112.png]
[agarios.org/gallery/skin/150x150/112.png]
[agarios.org/gallery/111.png]
[agarios.org/gallery/skin/150x150/111.png]
[agarios.org/gallery/110.png]
[agarios.org/gallery/skin/150x150/110.png]
[agarios.org/gallery/109.png]
[agarios.org/gallery/skin/150x150/109.png]
[agarios.org/gallery/108.png]
[agarios.org/gallery/skin/150x150/108.png]
[agarios.org/gallery/107.png]
[agarios.org/gallery/skin/150x150/107.png]
[agarios.org/gallery/106.png]
[agarios.org/gallery/skin/150x150/106.png]
[agarios.org/gallery/105.png]
[agarios.org/gallery/skin/150x150/105.png]
[agarios.org/gallery/104.png]
[agarios.org/gallery/skin/150x150/104.png]
[agarios.org/gallery/103.png]
[agarios.org/gallery/skin/150x150/103.png]
[agarios.org/gallery/102.png]
[agarios.org/gallery/skin/150x150/102.png]
[agarios.org/gallery/101.png]
[agarios.org/gallery/skin/150x150/101.png]
[agarios.org/gallery/100.png]
[agarios.org/gallery/skin/150x150/100.png]
[agarios.org/gallery/099.png]
[agarios.org/gallery/skin/150x150/099.png]
[agarios.org/gallery/098.png]
[agarios.org/gallery/skin/150x150/098.png]
[agarios.org/gallery/097.png]
[agarios.org/gallery/skin/150x150/097.png]
[agarios.org/gallery/096.png]
[agarios.org/gallery/skin/150x150/096.png]
[agarios.org/gallery/095.png]
[agarios.org/gallery/skin/150x150/095.png]
[agarios.org/gallery/094.png]
[agarios.org/gallery/skin/150x150/094.png]
[agarios.org/gallery/093.png]
[agarios.org/gallery/skin/150x150/093.png]
[agarios.org/gallery/092.png]
[agarios.org/gallery/skin/150x150/092.png]
[agarios.org/gallery/091.png]
[agarios.org/gallery/skin/150x150/091.png]
[agarios.org/gallery/090.png]
[agarios.org/gallery/skin/150x150/090.png]
[agarios.org/gallery/089.png]
[agarios.org/gallery/skin/150x150/089.png]
[agarios.org/gallery/088.png]
[agarios.org/gallery/skin/150x150/088.png]
[agarios.org/gallery/087.png]
[agarios.org/gallery/skin/150x150/087.png]
[agarios.org/gallery/086.png]
[agarios.org/gallery/skin/150x150/086.png]
[agarios.org/gallery/085.png]
[agarios.org/gallery/skin/150x150/085.png]
[agarios.org/gallery/084.png]
[agarios.org/gallery/skin/150x150/084.png]
[agarios.org/gallery/083.png]
[agarios.org/gallery/skin/150x150/083.png]
[agarios.org/gallery/082.png]
[agarios.org/gallery/skin/150x150/082.png]
[agarios.org/gallery/081.png]
[agarios.org/gallery/skin/150x150/081.png]
[agarios.org/gallery/080.png]
[agarios.org/gallery/skin/150x150/080.png]
[agarios.org/gallery/079.png]
[agarios.org/gallery/skin/150x150/079.png]
[agarios.org/gallery/078.png]
[agarios.org/gallery/skin/150x150/078.png]
[agarios.org/gallery/077.png]
[agarios.org/gallery/skin/150x150/077.png]
[agarios.org/gallery/076.png]
[agarios.org/gallery/skin/150x150/076.png]
[agarios.org/gallery/075.png]
[agarios.org/gallery/skin/150x150/075.png]
[agarios.org/gallery/074.png]
[agarios.org/gallery/skin/150x150/074.png]
[agarios.org/gallery/073.png]
[agarios.org/gallery/skin/150x150/073.png]
[agarios.org/gallery/072.png]
[agarios.org/gallery/skin/150x150/072.png]
[agarios.org/gallery/071.png]
[agarios.org/gallery/skin/150x150/071.png]
[agarios.org/gallery/070.png]
[agarios.org/gallery/skin/150x150/070.png]
[agarios.org/gallery/069.png]
[agarios.org/gallery/skin/150x150/069.png]
[agarios.org/gallery/068.png]
[agarios.org/gallery/skin/150x150/068.png]
[agarios.org/gallery/067.png]
[agarios.org/gallery/skin/150x150/067.png]
[agarios.org/gallery/066.png]
[agarios.org/gallery/skin/150x150/066.png]
[agarios.org/gallery/065.png]
[agarios.org/gallery/skin/150x150/065.png]
[agarios.org/gallery/064.png]
[agarios.org/gallery/skin/150x150/064.png]
[agarios.org/gallery/063.png]
[agarios.org/gallery/skin/150x150/063.png]
[agarios.org/gallery/062.png]
[agarios.org/gallery/skin/150x150/062.png]
[agarios.org/gallery/061.png]
[agarios.org/gallery/skin/150x150/061.png]
[agarios.org/gallery/060.png]
[agarios.org/gallery/skin/150x150/060.png]
[agarios.org/gallery/059.png]
[agarios.org/gallery/skin/150x150/059.png]
[agarios.org/gallery/058.png]
[agarios.org/gallery/skin/150x150/058.png]
[agarios.org/gallery/057.png]
[agarios.org/gallery/skin/150x150/057.png]
[agarios.org/gallery/056.png]
[agarios.org/gallery/skin/150x150/056.png]
[agarios.org/gallery/055.png]
[agarios.org/gallery/skin/150x150/055.png]
[agarios.org/gallery/054.png]
[agarios.org/gallery/skin/150x150/054.png]
[agarios.org/gallery/053.png]
[agarios.org/gallery/skin/150x150/053.png]
[agarios.org/gallery/052.png]
[agarios.org/gallery/skin/150x150/052.png]
[agarios.org/gallery/051.png]
[agarios.org/gallery/skin/150x150/051.png]
[agarios.org/gallery/050.png]
[agarios.org/gallery/skin/150x150/050.png]
[agarios.org/gallery/049.png]
[agarios.org/gallery/skin/150x150/049.png]
[agarios.org/gallery/048.png]
[agarios.org/gallery/skin/150x150/048.png]
[agarios.org/gallery/047.png]
[agarios.org/gallery/skin/150x150/047.png]
[agarios.org/gallery/046.png]
[agarios.org/gallery/skin/150x150/046.png]
[agarios.org/gallery/045.png]
[agarios.org/gallery/skin/150x150/045.png]
[agarios.org/gallery/044.png]
[agarios.org/gallery/skin/150x150/044.png]
[agarios.org/gallery/043.png]
[agarios.org/gallery/skin/150x150/043.png]
[agarios.org/gallery/042.png]
[agarios.org/gallery/skin/150x150/042.png]
[agarios.org/gallery/041.png]
[agarios.org/gallery/skin/150x150/041.png]
[agarios.org/gallery/040.png]
[agarios.org/gallery/skin/150x150/040.png]
[agarios.org/gallery/039.png]
[agarios.org/gallery/skin/150x150/039.png]
[agarios.org/gallery/038.png]
[agarios.org/gallery/skin/150x150/038.png]
[agarios.org/gallery/037.png]
[agarios.org/gallery/skin/150x150/037.png]
[agarios.org/gallery/036.png]
[agarios.org/gallery/skin/150x150/036.png]
[agarios.org/gallery/035.png]
[agarios.org/gallery/skin/150x150/035.png]
[agarios.org/gallery/034.png]
[agarios.org/gallery/skin/150x150/034.png]
[agarios.org/gallery/033.png]
[agarios.org/gallery/skin/150x150/033.png]
[agarios.org/gallery/032.png]
[agarios.org/gallery/skin/150x150/032.png]
[agarios.org/gallery/031.png]
[agarios.org/gallery/skin/150x150/031.png]
[agarios.org/gallery/030.png]
[agarios.org/gallery/skin/150x150/030.png]
[agarios.org/gallery/029.png]
[agarios.org/gallery/skin/150x150/029.png]
[agarios.org/gallery/028.png]
[agarios.org/gallery/skin/150x150/028.png]
[agarios.org/gallery/027.png]
[agarios.org/gallery/skin/150x150/027.png]
[agarios.org/gallery/026.png]
[agarios.org/gallery/skin/150x150/026.png]
[agarios.org/gallery/025.png]
[agarios.org/gallery/skin/150x150/025.png]
[agarios.org/gallery/024.png]
[agarios.org/gallery/skin/150x150/024.png]
[agarios.org/gallery/023.png]
[agarios.org/gallery/skin/150x150/023.png]
[agarios.org/gallery/022.png]
[agarios.org/gallery/skin/150x150/022.png]
[agarios.org/gallery/021.png]
[agarios.org/gallery/skin/150x150/021.png]
[agarios.org/gallery/020.png]
[agarios.org/gallery/skin/150x150/020.png]
[agarios.org/gallery/019.png]
[agarios.org/gallery/skin/150x150/019.png]
[agarios.org/gallery/018.png]
[agarios.org/gallery/skin/150x150/018.png]
[agarios.org/gallery/017.png]
[agarios.org/gallery/skin/150x150/017.png]
[agarios.org/gallery/016.png]
[agarios.org/gallery/skin/150x150/016.png]
[agarios.org/gallery/015.png]
[agarios.org/gallery/skin/150x150/015.png]
[agarios.org/gallery/014.png]
[agarios.org/gallery/skin/150x150/014.png]
[agarios.org/gallery/013.png]
[agarios.org/gallery/skin/150x150/013.png]
[agarios.org/gallery/012.png]
[agarios.org/gallery/skin/150x150/012.png]
[agarios.org/gallery/011.png]
[agarios.org/gallery/skin/150x150/011.png]
[agarios.org/gallery/010.png]
[agarios.org/gallery/skin/150x150/010.png]
[agarios.org/gallery/009.png]
[agarios.org/gallery/skin/150x150/009.png]
[agarios.org/gallery/008.png]
[agarios.org/gallery/skin/150x150/008.png]
[agarios.org/gallery/007.png]
[agarios.org/gallery/skin/150x150/007.png]
[agarios.org/gallery/006.png]
[agarios.org/gallery/skin/150x150/006.png]
[agarios.org/gallery/005.png]
[agarios.org/gallery/skin/150x150/005.png]
[agarios.org/gallery/004.png]
[agarios.org/gallery/skin/150x150/004.png]
[agarios.org/gallery/003.png]
[agarios.org/gallery/skin/150x150/003.png]
[agarios.org/gallery/002.png]
[agarios.org/gallery/skin/150x150/002.png]
[agarios.org/gallery/001.png]
[agarios.org/gallery/skin/150x150/001.png]
[agarios.org/gallery/0.png]
[agarios.org/gallery/skin/150x150/0.png]
[agarios.org/gallery/index.html]
[agarios.org/fancytextnick.html]
[agarios.org/fonts/glyphicons-halflings-regulard41dd41dd41d.html]
[agarios.org/index-2.html]
[agarios.org/fonts/glyphicons-halflings-regular.svg]
[agarios.org/fonts/glyphicons-social-regulard41dd41dd41d.html]
[agarios.org/fonts/glyphicons-social-regular.svg]
[agarios.org/gallery/175.html]
[agarios.org/gallery/skin/150x150/175.html]
[agarios.org/gallery/174.html]
[agarios.org/gallery/skin/150x150/174.html]
[agarios.org/gallery/173.html]
[agarios.org/gallery/skin/150x150/173.html]
[agarios.org/gallery/172.html]
[agarios.org/gallery/skin/150x150/172.html]
[agarios.org/gallery/171.html]
[agarios.org/gallery/skin/150x150/171.html]
[agarios.org/gallery/170.html]
[agarios.org/gallery/skin/150x150/170.html]
[agarios.org/gallery/169.html]
[agarios.org/gallery/skin/150x150/169.html]
[agarios.org/gallery/168.html]
[agarios.org/gallery/skin/150x150/168.html]
[agarios.org/gallery/167.html]
[agarios.org/gallery/skin/150x150/167.html]
[agarios.org/gallery/166.html]
[agarios.org/gallery/skin/150x150/166.html]
[agarios.org/gallery/165.html]
[agarios.org/gallery/skin/150x150/165.html]
[agarios.org/gallery/164.html]
[agarios.org/gallery/skin/150x150/164.html]
[agarios.org/gallery/163.html]
[agarios.org/gallery/skin/150x150/163.html]
[agarios.org/gallery/162.html]
[agarios.org/gallery/skin/150x150/162.html]
[agarios.org/gallery/161.html]
[agarios.org/gallery/skin/150x150/161.html]
[agarios.org/gallery/160.html]
[agarios.org/gallery/skin/150x150/160.html]
[agarios.org/gallery/159.html]
[agarios.org/gallery/skin/150x150/159.html]
[agarios.org/gallery/158.html]
[agarios.org/gallery/skin/150x150/158.html]
[agarios.org/gallery/157.html]
[agarios.org/gallery/skin/150x150/157.html]
[agarios.org/gallery/156.html]
[agarios.org/gallery/skin/150x150/156.html]
[agarios.org/gallery/155.html]
[agarios.org/gallery/skin/150x150/155.html]
[agarios.org/gallery/154.html]
[agarios.org/gallery/skin/150x150/154.html]
[agarios.org/gallery/153.html]
[agarios.org/gallery/skin/150x150/153.html]
[agarios.org/gallery/152.html]
[agarios.org/gallery/skin/150x150/152.html]
[agarios.org/gallery/151.html]
[agarios.org/gallery/skin/150x150/151.html]
[agarios.org/gallery/150.html]
[agarios.org/gallery/skin/150x150/150.html]
[agarios.org/gallery/149.html]
[agarios.org/gallery/skin/150x150/149.html]
[agarios.org/gallery/148.html]
[agarios.org/gallery/skin/150x150/148.html]
[agarios.org/gallery/147.html]
[agarios.org/gallery/skin/150x150/147.html]
[agarios.org/gallery/146.html]
[agarios.org/gallery/skin/150x150/146.html]
[agarios.org/gallery/145.html]
[agarios.org/gallery/skin/150x150/145.html]
[agarios.org/gallery/144.html]
[agarios.org/gallery/skin/150x150/144.html]
[agarios.org/gallery/143.html]
[agarios.org/gallery/skin/150x150/143.html]
[agarios.org/gallery/142.html]
[agarios.org/gallery/skin/150x150/142.html]
[agarios.org/gallery/141.html]
[agarios.org/gallery/skin/150x150/141.html]
[agarios.org/gallery/140.html]
[agarios.org/gallery/skin/150x150/140.html]
[agarios.org/gallery/139.html]
[agarios.org/gallery/skin/150x150/139.html]
[agarios.org/gallery/138.html]
[agarios.org/gallery/skin/150x150/138.html]
[agarios.org/gallery/137.html]
[agarios.org/gallery/skin/150x150/137.html]
[agarios.org/gallery/136.html]
[agarios.org/gallery/skin/150x150/136.html]
[agarios.org/gallery/135.html]
[agarios.org/gallery/skin/150x150/135.html]
[agarios.org/gallery/134.html]
[agarios.org/gallery/skin/150x150/134.html]
[agarios.org/gallery/133.html]
[agarios.org/gallery/skin/150x150/133.html]
[agarios.org/gallery/132.html]
[agarios.org/gallery/skin/150x150/132.html]
[agarios.org/gallery/131.html]
[agarios.org/gallery/skin/150x150/131.html]
[agarios.org/gallery/130.html]
[agarios.org/gallery/skin/150x150/130.html]
[agarios.org/gallery/129.html]
[agarios.org/gallery/skin/150x150/129.html]
[agarios.org/gallery/128.html]
[agarios.org/gallery/skin/150x150/128.html]
[agarios.org/gallery/127.html]
[agarios.org/gallery/skin/150x150/127.html]
[agarios.org/gallery/126.html]
[agarios.org/gallery/skin/150x150/126.html]
[agarios.org/gallery/125.html]
[agarios.org/gallery/skin/150x150/125.html]
[agarios.org/gallery/124.html]
[agarios.org/gallery/skin/150x150/124.html]
[agarios.org/gallery/123.html]
[agarios.org/gallery/skin/150x150/123.html]
[agarios.org/gallery/122.html]
[agarios.org/gallery/skin/150x150/122.html]
[agarios.org/gallery/121.html]
[agarios.org/gallery/skin/150x150/121.html]
[agarios.org/gallery/120.html]
[agarios.org/gallery/skin/150x150/120.html]
[agarios.org/gallery/119.html]
[agarios.org/gallery/skin/150x150/119.html]
[agarios.org/gallery/118.html]
[agarios.org/gallery/skin/150x150/118.html]
[agarios.org/gallery/117.html]
[agarios.org/gallery/skin/150x150/117.html]
[agarios.org/gallery/116.html]
[agarios.org/gallery/skin/150x150/116.html]
[agarios.org/gallery/115.html]
[agarios.org/gallery/skin/150x150/115.html]
[agarios.org/gallery/114.html]
[agarios.org/gallery/skin/150x150/114.html]
[agarios.org/gallery/113.html]
[agarios.org/gallery/skin/150x150/113.html]
[agarios.org/gallery/112.html]
[agarios.org/gallery/skin/150x150/112.html]
[agarios.org/gallery/111.html]
[agarios.org/gallery/skin/150x150/111.html]
[agarios.org/gallery/110.html]
[agarios.org/gallery/skin/150x150/110.html]
[agarios.org/gallery/109.html]
[agarios.org/gallery/skin/150x150/109.html]
[agarios.org/gallery/108.html]
[agarios.org/gallery/skin/150x150/108.html]
[agarios.org/gallery/107.html]
[agarios.org/gallery/skin/150x150/107.html]
[agarios.org/gallery/106.html]
[agarios.org/gallery/skin/150x150/106.html]
[agarios.org/gallery/105.html]
[agarios.org/gallery/skin/150x150/105.html]
[agarios.org/gallery/104.html]
[agarios.org/gallery/skin/150x150/104.html]
[agarios.org/gallery/103.html]
[agarios.org/gallery/skin/150x150/103.html]
[agarios.org/gallery/102.html]
[agarios.org/gallery/skin/150x150/102.html]
[agarios.org/gallery/101.html]
[agarios.org/gallery/skin/150x150/101.html]
[agarios.org/gallery/100.html]
[agarios.org/gallery/skin/150x150/100.html]
[agarios.org/gallery/099.html]
[agarios.org/gallery/skin/150x150/099.html]
[agarios.org/gallery/098.html]
[agarios.org/gallery/skin/150x150/098.html]
[agarios.org/gallery/097.html]
[agarios.org/gallery/skin/150x150/097.html]
[agarios.org/gallery/096.html]
[agarios.org/gallery/skin/150x150/096.html]
[agarios.org/gallery/095.html]
[agarios.org/gallery/skin/150x150/095.html]
[agarios.org/gallery/094.html]
[agarios.org/gallery/skin/150x150/094.html]
[agarios.org/gallery/093.html]
[agarios.org/gallery/skin/150x150/093.html]
[agarios.org/gallery/092.html]
[agarios.org/gallery/skin/150x150/092.html]
[agarios.org/gallery/091.html]
[agarios.org/gallery/skin/150x150/091.html]
[agarios.org/gallery/090.html]
[agarios.org/gallery/skin/150x150/090.html]
[agarios.org/gallery/089.html]
[agarios.org/gallery/skin/150x150/089.html]
[agarios.org/gallery/088.html]
[agarios.org/gallery/skin/150x150/088.html]
[agarios.org/gallery/087.html]
[agarios.org/gallery/skin/150x150/087.html]
[agarios.org/gallery/086.html]
[agarios.org/gallery/skin/150x150/086.html]
[agarios.org/gallery/085.html]
[agarios.org/gallery/skin/150x150/085.html]
[agarios.org/gallery/084.html]
[agarios.org/gallery/skin/150x150/084.html]
[agarios.org/gallery/083.html]
[agarios.org/gallery/skin/150x150/083.html]
[agarios.org/gallery/082.html]
[agarios.org/gallery/skin/150x150/082.html]
[agarios.org/gallery/081.html]
[agarios.org/gallery/skin/150x150/081.html]
[agarios.org/gallery/080.html]
[agarios.org/gallery/skin/150x150/080.html]
[agarios.org/gallery/079.html]
[agarios.org/gallery/skin/150x150/079.html]
[agarios.org/gallery/078.html]
[agarios.org/gallery/skin/150x150/078.html]
[agarios.org/gallery/077.html]
[agarios.org/gallery/skin/150x150/077.html]
[agarios.org/gallery/076.html]
[agarios.org/gallery/skin/150x150/076.html]
[agarios.org/gallery/075.html]
[agarios.org/gallery/skin/150x150/075.html]
[agarios.org/gallery/074.html]
[agarios.org/gallery/skin/150x150/074.html]
[agarios.org/gallery/073.html]
[agarios.org/gallery/skin/150x150/073.html]
[agarios.org/gallery/072.html]
[agarios.org/gallery/skin/150x150/072.html]
[agarios.org/gallery/071.html]
[agarios.org/gallery/skin/150x150/071.html]
[agarios.org/gallery/070.html]
[agarios.org/gallery/skin/150x150/070.html]
[agarios.org/gallery/069.html]
[agarios.org/gallery/skin/150x150/069.html]
[agarios.org/gallery/068.html]
[agarios.org/gallery/skin/150x150/068.html]
[agarios.org/gallery/067.html]
[agarios.org/gallery/skin/150x150/067.html]
[agarios.org/gallery/066.html]
[agarios.org/gallery/skin/150x150/066.html]
[agarios.org/gallery/065.html]
[agarios.org/gallery/skin/150x150/065.html]
[agarios.org/gallery/064.html]
[agarios.org/gallery/skin/150x150/064.html]
[agarios.org/gallery/063.html]
[agarios.org/gallery/skin/150x150/063.html]
[agarios.org/gallery/062.html]
[agarios.org/gallery/skin/150x150/062.html]
[agarios.org/gallery/061.html]
[agarios.org/gallery/skin/150x150/061.html]
[agarios.org/gallery/060.html]
[agarios.org/gallery/skin/150x150/060.html]
[agarios.org/gallery/059.html]
[agarios.org/gallery/skin/150x150/059.html]
[agarios.org/gallery/058.html]
[agarios.org/gallery/skin/150x150/058.html]
[agarios.org/gallery/057.html]
[agarios.org/gallery/skin/150x150/057.html]
[agarios.org/gallery/056.html]
[agarios.org/gallery/skin/150x150/056.html]
[agarios.org/gallery/055.html]
[agarios.org/gallery/skin/150x150/055.html]
[agarios.org/gallery/054.html]
[agarios.org/gallery/skin/150x150/054.html]
[agarios.org/gallery/053.html]
[agarios.org/gallery/skin/150x150/053.html]
[agarios.org/gallery/052.html]
[agarios.org/gallery/skin/150x150/052.html]
[agarios.org/gallery/051.html]
[agarios.org/gallery/skin/150x150/051.html]
[agarios.org/gallery/050.html]
[agarios.org/gallery/skin/150x150/050.html]
[agarios.org/gallery/049.html]
[agarios.org/gallery/skin/150x150/049.html]
[agarios.org/gallery/048.html]
[agarios.org/gallery/skin/150x150/048.html]
[agarios.org/gallery/047.html]
[agarios.org/gallery/skin/150x150/047.html]
[agarios.org/gallery/046.html]
[agarios.org/gallery/skin/150x150/046.html]
[agarios.org/gallery/045.html]
[agarios.org/gallery/skin/150x150/045.html]
[agarios.org/gallery/044.html]
[agarios.org/gallery/skin/150x150/044.html]
[agarios.org/gallery/043.html]
[agarios.org/gallery/skin/150x150/043.html]
[agarios.org/gallery/042.html]
[agarios.org/gallery/skin/150x150/042.html]
[agarios.org/gallery/041.html]
[agarios.org/gallery/skin/150x150/041.html]
[agarios.org/gallery/040.html]
[agarios.org/gallery/skin/150x150/040.html]
[agarios.org/gallery/039.html]
[agarios.org/gallery/skin/150x150/039.html]
[agarios.org/gallery/038.html]
[agarios.org/gallery/skin/150x150/038.html]
[agarios.org/gallery/037.html]
[agarios.org/gallery/skin/150x150/037.html]
[agarios.org/gallery/036.html]
[agarios.org/gallery/skin/150x150/036.html]
[agarios.org/gallery/035.html]
[agarios.org/gallery/skin/150x150/035.html]
[agarios.org/gallery/034.html]
[agarios.org/gallery/skin/150x150/034.html]
[agarios.org/gallery/033.html]
[agarios.org/gallery/skin/150x150/033.html]
[agarios.org/gallery/032.html]
[agarios.org/gallery/skin/150x150/032.html]
[agarios.org/gallery/031.html]
[agarios.org/gallery/skin/150x150/031.html]
[agarios.org/gallery/030.html]
[agarios.org/gallery/skin/150x150/030.html]
[agarios.org/gallery/029.html]
[agarios.org/gallery/skin/150x150/029.html]
[agarios.org/gallery/028.html]
[agarios.org/gallery/skin/150x150/028.html]
[agarios.org/gallery/027.html]
[agarios.org/gallery/skin/150x150/027.html]
[agarios.org/gallery/026.html]
[agarios.org/gallery/skin/150x150/026.html]
[agarios.org/gallery/025.html]
[agarios.org/gallery/skin/150x150/025.html]
[agarios.org/gallery/024.html]
[agarios.org/gallery/skin/150x150/024.html]
[agarios.org/gallery/023.html]
[agarios.org/gallery/skin/150x150/023.html]
[agarios.org/gallery/022.html]
[agarios.org/gallery/skin/150x150/022.html]
[agarios.org/gallery/021.html]
[agarios.org/gallery/skin/150x150/021.html]
[agarios.org/gallery/020.html]
[agarios.org/gallery/skin/150x150/020.html]
[agarios.org/gallery/019.html]
[agarios.org/gallery/skin/150x150/019.html]
[agarios.org/gallery/018.html]
[agarios.org/gallery/skin/150x150/018.html]
[agarios.org/gallery/017.html]
[agarios.org/gallery/skin/150x150/017.html]
[agarios.org/gallery/016.html]
[agarios.org/gallery/skin/150x150/016.html]
[agarios.org/gallery/015.html]
[agarios.org/gallery/skin/150x150/015.html]
[agarios.org/gallery/014.html]
[agarios.org/gallery/skin/150x150/014.html]
[agarios.org/gallery/013.html]
[agarios.org/gallery/skin/150x150/013.html]
[agarios.org/gallery/012.html]
[agarios.org/gallery/skin/150x150/012.html]
[agarios.org/gallery/011.html]
[agarios.org/gallery/skin/150x150/011.html]
[agarios.org/gallery/010.html]
[agarios.org/gallery/skin/150x150/010.html]
[agarios.org/gallery/009.html]
[agarios.org/gallery/skin/150x150/009.html]
[agarios.org/gallery/008.html]
[agarios.org/gallery/skin/150x150/008.html]
[agarios.org/gallery/007.html]
[agarios.org/gallery/skin/150x150/007.html]
[agarios.org/gallery/006.html]
[agarios.org/gallery/skin/150x150/006.html]
[agarios.org/gallery/005.html]
[agarios.org/gallery/skin/150x150/005.html]
[agarios.org/gallery/004.html]
[agarios.org/gallery/skin/150x150/004.html]
[agarios.org/gallery/003.html]
[agarios.org/gallery/skin/150x150/003.html]
[agarios.org/gallery/002.html]
[agarios.org/gallery/skin/150x150/002.html]
[agarios.org/gallery/001.html]
[agarios.org/gallery/skin/150x150/001.html]
[agarios.org/gallery/0.html]
[agarios.org/gallery/skin/150x150/0.html]
